[www.likwidasset.com/content/images/Favicon/likwid-apple-icon-57x577839.png]
[www.likwidasset.com/content/images/Favicon/likwid-apple-icon-60x607839.png]
[www.likwidasset.com/content/images/Favicon/likwid-apple-icon-72x727839.png]
[www.likwidasset.com/content/images/Favicon/likwid-apple-icon-76x767839.png]
[www.likwidasset.com/content/images/Favicon/likwid-apple-icon-114x1147839.png]
[www.likwidasset.com/content/images/Favicon/likwid-apple-icon-120x1207839.png]
[www.likwidasset.com/content/images/Favicon/likwid-apple-icon-144x1447839.png]
[www.likwidasset.com/content/images/Favicon/likwid-apple-icon-152x1527839.png]
[www.likwidasset.com/content/images/Favicon/likwid-apple-icon-180x1807839.png]
[www.likwidasset.com/content/images/Favicon/likwid-favicon17839.png]
[www.likwidasset.com/content/images/Favicon/manifest.json]
[www.likwidasset.com/content/images/Favicon/likwid-ms-icon-144x1447839.png]
[backblue.gif]
[fade.gif]
[index.html]
[connect.facebook.net/en_US/fbevents.js]
[www.likwidasset.com/Scripts/jquery-3.5.1.min.js]
[www.likwidasset.com/Scripts/bootstrap.min.js]
[www.likwidasset.com/Scripts/respond.min.js]
[www.likwidasset.com/Scripts/bootstrap-select.js]
[www.likwidasset.com/Scripts/jquery.validate.min.js]
[www.likwidasset.com/Scripts/jquery.validate.unobtrusive.min.js]
[www.likwidasset.com/bundles/commonb166]
[www.likwidasset.com/Scripts/data-img.min.js]
[www.likwidasset.com/Scripts/jquery.webui-popover.min.js]
[www.likwidasset.com/Scripts/app.min.js]
[www.likwidasset.com/Scripts/nouislider.min.js]
[www.likwidasset.com/Scripts/wNumb.js]
[www.likwidasset.com/Scripts/mvcfoolproof.unobtrusive.min.js]
[unpkg.com/aos@next/dist/aos.26.delayed]
[unpkg.com/aos@3.0.0-beta.6/dist/aos.css]
[www.likwidasset.com/Scripts/owl.carousel.min.js]
[cdn.yellowmessenger.com/plugin/widget-v2/latest/dist/main.min.js]
[www.likwidasset.com/Content/images/Likwid_Tagline_Logo7839.png]
[d2qbv7y91sna40.cloudfront.net/Property/10/638016232042625296_thumbnail.jpg]
[www.likwidasset.com/Content/images/layergroup-icon.png]
[d2qbv7y91sna40.cloudfront.net/Property/3/637880534705289010_thumbnail.jpg]
[d2qbv7y91sna40.cloudfront.net/Property/4/637880540022944331_thumbnail.jpg]
[d2qbv7y91sna40.cloudfront.net/Property/5/637880545025307807_thumbnail.jpg]
[www.likwidasset.com/Content/images/footer-img1-blue.png]
[www.likwidasset.com/Content/images/likwid-master-logo.png]
[www.likwidasset.com/Home/Likwid_Privacy_Policy.pdf]
[www.likwidasset.com/Home/Likwid_Terms_of_Service.pdf]
[www.likwidasset.com/Content/images/Campaign_TnC.pdf]
[www.likwidasset.com/Content/images/email-blue.png]
[www.likwidasset.com/Content/images/footer-img2-blue.png]
[www.likwidasset.com/Content/images/facebook-footer-icon-blue.png]
[www.likwidasset.com/Content/images/instagram-footer-icon-blue.png]
[diffuser-cdn.app-us1.com/diffuser/diffuser.js]
[unpkg.com/aos@next/dist/aos.js]
[unpkg.com/aos@3.0.0-beta.6/dist/aos.js]
[www.likwidasset.com/bundles/customselect457d]
[www.likwidasset.com/Marketplace.html]
[connect.facebook.net/en_US/fbevents.js]
[www.likwidasset.com/Scripts/url.min.js]
[www.likwidasset.com/Content/images/home-carousel-icon1.png]
[www.likwidasset.com/Content/images/home-carousel-icon2.png]
[www.likwidasset.com/Content/images/home-carousel-icon3.png]
[www.likwidasset.com/Content/images/arrowleft.png]
[www.likwidasset.com/Content/images/arrowright.png]
[www.likwidasset.com/Content/images/pen-square.png]
[www.likwidasset.com/Content/images/tenure-type.png]
[www.likwidasset.com/Content/images/coin-stacked.png]
[www.likwidasset.com/Content/images/pie.png]
[www.likwidasset.com/Scripts/typeahead.js]
[www.likwidasset.com/Scripts/searchbox.js]
[www.likwidasset.com/index.html]
[www.likwidasset.com/Content/adminLTE08e6.css]
[www.likwidasset.com/Content/skins/skin-black.min.css]
[www.likwidasset.com/Content/nouislider.min.css]
[www.likwidasset.com/fonts/glyphicons-halflings-regular.eot]
[www.likwidasset.com/fonts/glyphicons-halflings-regulard41d.eot]
[www.likwidasset.com/fonts/glyphicons-halflings-regular.woff2]
[www.likwidasset.com/fonts/glyphicons-halflings-regular.woff]
[www.likwidasset.com/fonts/glyphicons-halflings-regular.ttf]
[www.likwidasset.com/Content/bootstrap.min.css]
[www.likwidasset.com/Content/bootstrap-select.css]
[www.likwidasset.com/Content/main4fb1.css]
[maps.gstatic.com/mapfiles/markers2/marker.png]
[www.likwidasset.com/Content/sitecss100b.css]
[www.likwidasset.com/Content/images/herobanner-image1.jpg]
[www.likwidasset.com/Content/images/herobanner-image2.jpg]
[www.likwidasset.com/Content/images/herobanner-image3.jpg]
[www.likwidasset.com/Content/images/aboutBackground1.jpg]
[www.likwidasset.com/Content/images/aboutBackground2.png]
[www.likwidasset.com/Content/images/aboutBackground3.jpg]
[www.likwidasset.com/Content/images/benefit1-image.jpg]
[www.likwidasset.com/Content/images/benefit2-image.jpg]
[www.likwidasset.com/Content/images/benefit3-image.jpg]
[www.likwidasset.com/Content/images/benefit4-image.jpg]
[www.likwidasset.com/Content/focssa8b8.css]
[www.likwidasset.com/Content/images/sellandstay/landing1bg.png]
[www.likwidasset.com/Content/sellandstaycss2c8c.css]
[www.likwidasset.com/Content/images/sellandstay/landing2bg.png]
[www.likwidasset.com/Content/fonts/fontawesome-webfont5b62.eot]
[www.likwidasset.com/Content/fonts/fontawesome-webfontd41d.eot]
[www.likwidasset.com/Content/fonts/fontawesome-webfont5b62.woff2]
[www.likwidasset.com/Content/fonts/fontawesome-webfont5b62.woff]
[www.likwidasset.com/Content/fonts/fontawesome-webfont5b62.ttf]
[www.likwidasset.com/Content/font-awesome.min.css]
[www.likwidasset.com/Content/jquery.webui-popover.minf700.css]
[unpkg.com/aos@3.0.0-beta.6/dist/aos.css]
[www.likwidasset.com/Content/owl.carousel.min.css]
[www.likwidasset.com/Content/owl.theme.default.min.css]
[www.googletagmanager.com/gtm5445.html]
[www.likwidasset.com/MarketplaceESG.html]
[www.likwidasset.com/About.html]
[www.likwidasset.com/Scripts/gridmvc.lang.ru.js]
[www.likwidasset.com/Scripts/gridmvc.min.js]
[www.likwidasset.com/Home/BUY_A_BRIC_Info_Pack.pdf]
[www.likwidasset.com/Content/images/learnpage-arrowleft.png]
[www.likwidasset.com/Content/images/learn-pinkContainerimg.jpg]
[www.likwidasset.com/Content/images/learn-img1.jpg]
[www.likwidasset.com/Content/images/learn-img2.jpg]
[www.likwidasset.com/Content/images/learn-article1.jpg]
[www.likwidasset.com/Content/images/learn-article2.jpg]
[www.likwidasset.com/Content/images/learn-article3.jpg]
[www.likwidasset.com/Content/images/learn-thehaute.jpg]
[www.likwidasset.com/Content/images/learn-parkhill.jpg]
[www.likwidasset.com/Content/images/learn-theherz.jpg]
[www.likwidasset.com/Learn.html]
[www.likwidasset.com/Scripts/notifIt.min.js]
[www.likwidasset.com/Account/Login95ab.html]
[www.likwidasset.com/Account/Loginea85.html]
[www.likwidasset.com/Account/Login6b0c.html]
[www.likwidasset.com/Account/Login55d5.html]
[www.likwidasset.com/Account/Login9795.html]
[www.likwidasset.com/Account/Login4797.html]
[www.likwidasset.com/Account/Login.html]
[www.likwidasset.com/account/login-2.html]
[www.likwidasset.com/content/bootstrap-grid.min.css]
[platform-api.sharethis.com/js/sharethis.js]
[www.likwidasset.com/Scripts/star-rating.js]
[cdn.jsdelivr.net/pure/0.6.0/pure-min.css]
[cdn.jsdelivr.net/pure/0.6.0/grids-responsive-min.css]
[www.likwidasset.com/scripts/photoswipe.min.js]
[www.likwidasset.com/scripts/photoswipe-ui-default.min.js]
[cdnjs.cloudflare.com/ajax/libs/animate.css/3.3.0/animate.min.css]
[www.likwidasset.com/Scripts/jquery.price_format.js]
[www.likwidasset.com/scripts/corner-popup.min.js]
[www.likwidasset.com/scripts/moment.min.js]
[www.likwidasset.com/scripts/bootstrap-datetimepicker.min.js]
[kit.fontawesome.com/0c0811affa.js]
[d2qbv7y91sna40.cloudfront.net/Property/10/638016232042625296.jpg]
[www.likwidasset.com/Content/images/property-value.png]
[www.likwidasset.com/Content/images/rent-per-month.png]
[www.likwidasset.com/Content/images/net-rent-per-month.png]
[www.likwidasset.com/Content/images/historical-growth.png]
[www.likwidasset.com/scripts/ListingPage.js]
[www.likwidasset.com/Property/10/index.html]
[d2qbv7y91sna40.cloudfront.net/Property/3/637880534705289010.jpg]
[www.likwidasset.com/Property/3/index.html]
[d2qbv7y91sna40.cloudfront.net/Property/4/637880540022944331.jpg]
[www.likwidasset.com/Property/4/index.html]
[d2qbv7y91sna40.cloudfront.net/Property/5/637880545025307807.jpg]
[www.likwidasset.com/Property/5/index.html]
[www.likwidasset.com/Account/Login894f.html]
[www.likwidasset.com/c.html]
[www.likwidasset.com/b.html]
[www.likwidasset.com/POST.html]
[www.likwidasset.com/Content/css243d0.css]
[www.likwidasset.com/Marketplace/Index.html]
[www.likwidasset.com/Property/10/ebc1610-the-haute-the-haute-gurney-kl-jalan-bukit-keramat-kampung-datu.html]
[www.likwidasset.com/Content/typeaheadjscss04b8.css]
[www.likwidasset.com/img/boxed-bg.html]
[www.likwidasset.com/fonts/glyphicons-halflings-regular.svg]
[www.likwidasset.com/static/img/placeholder/landlord.html]
[www.likwidasset.com/static/img/placeholder/agent.html]
[www.likwidasset.com/static/img/home/home_background_blurred.html]
[www.likwidasset.com/static/img/icons/calendar.html]
[www.likwidasset.com/static/img/headers/neighborhood-header-2.html]
[www.likwidasset.com/static/img/headers/singapore-header.html]
[www.likwidasset.com/static/img/icons/pet-slate.html]
[www.likwidasset.com/static/img/icons/cigarette-slate.html]
[www.likwidasset.com/static/img/icons/profession.html]
[www.likwidasset.com/static/img/icons/furniture-slate.html]
[www.likwidasset.com/static/img/icons/shower.html]
[www.likwidasset.com/static/img/icons/tenant-landlord.html]
[www.likwidasset.com/static/img/icons/bed.html]
[www.likwidasset.com/static/img/icons/train.html]
[www.likwidasset.com/static/img/icons/bus.html]
[www.likwidasset.com/static/img/icons/walking.html]
[www.likwidasset.com/static/img/icons/bus_unselected.html]
[www.likwidasset.com/static/img/icons/bus_selected.html]
[www.likwidasset.com/static/img/icons/car_unselected.html]
[www.likwidasset.com/static/img/icons/car_selected.html]
[www.likwidasset.com/static/img/icons/home-love.html]
[www.likwidasset.com/static/img/icons/home-love-inner-white.html]
[www.likwidasset.com/static/img/icons/street-view.html]
[www.likwidasset.com/static/img/placeholder/image-placeholder.html]
[www.likwidasset.com/static/img/icons/cross.html]
[www.likwidasset.com/static/img/icons/walking-2.html]
[www.likwidasset.com/static/img/icons/icon-white-pattern.html]
[www.likwidasset.com/static/img/empty/empty-search-results.html]
[www.likwidasset.com/static/img/empty/empty-no-results.html]
[www.likwidasset.com/static/img/empty/empty-shortlist.html]
[www.likwidasset.com/static/img/traits/sporty.html]
[www.likwidasset.com/Content/images/sort-arrow.svg]
[www.likwidasset.com/Content/fonts/fontawesome-webfont5b62.html]
[www.likwidasset.com/img/loading.html]
[www.likwidasset.com/Content/owl.video.play.html]
[www.likwidasset.com/Content/gridmvc.css]
[www.likwidasset.com/MarketPlace/Index-2.html]
[www.likwidasset.com/Content/notifItcss09f7.css]
[www.likwidasset.com/Content/images/likwid-master-logo7839.png]
[www.google.com/recaptcha/api.js]
[www.likwidasset.com/Likwid_Terms_of_Service.pdf]
[www.likwidasset.com/Scripts/phone-input/intlTelInput.js]
[www.likwidasset.com/Account/Register.html]
[www.likwidasset.com/Account/ForgotPassword.html]
[www.likwidasset.com/content/images/loading.gif]
[www.likwidasset.com/Content/star-rating.css]
[cdn.jsdelivr.net/pure/0.6.0/pure-min.css]
[cdn.jsdelivr.net/pure/0.6.0/grids-responsive-min.css]
[www.likwidasset.com/Content/photoswipeefab.css]
[www.likwidasset.com/content/photoswipe-skin/default-skin.png]
[www.likwidasset.com/content/photoswipe-skin/preloader.gif]
[www.likwidasset.com/content/photoswipe-skin/default-skin.css]
[cdnjs.cloudflare.com/ajax/libs/animate.css/3.3.0/animate.min.css]
[www.likwidasset.com/content/corner-popup.minc619.css]
[www.likwidasset.com/Content/bootstrap-datetimepicker.min.css]
[www.likwidasset.com/Content/images/snowtrace-logo.svg]
[www.likwidasset.com/Account/Logine265.html]
[www.likwidasset.com/Account/Login1f61.html]
[www.likwidasset.com/Content/images/flags.png]
[www.likwidasset.com/Content/intlTelInput.css]
[www.likwidasset.com/Account/RegisterAgent1.html]
[www.likwidasset.com/content/photoswipe-skin/default-skin.svg]
[d3qb5vem1mlx7k.cloudfront.net/Static/Images/background1.jpg]
[www.likwidasset.com/img/flags@2x.html]
